// Jest Snapshot v1, https://goo.gl/fbAQLP

exports[`Controls component renders Controls 1`] = `
<section
  className="Controls"
>
  <button
    key="0"
  >
    DO_STUFF
     - 
  </button>
  <button
    key="1"
  >
    other
     - 
  </button>
</section>
`;
